API_methods.log 2025-03-04 14:44:49,620 INFO ФУНКЦИЯ GET_ALL_VIDEOS!!!
API_methods.log 2025-03-04 14:44:51,387 INFO ФУНКЦИЯ GET_UNIQUE_ALBUM_VIDEOS!!!
API_methods.log 2025-03-04 14:44:53,286 INFO ФУНКЦИЯ GET_ALL_VIDEOS!!!
API_methods.log 2025-03-04 14:44:54,903 INFO ФУНКЦИЯ GET_UNIQUE_ALBUM_VIDEOS!!!
API_methods.log 2025-03-04 14:45:17,940 INFO ФУНКЦИЯ GET_ALL_VIDEOS!!!
API_methods.log 2025-03-04 14:45:19,424 INFO ФУНКЦИЯ GET_UNIQUE_ALBUM_VIDEOS!!!
API_methods.log 2025-03-04 14:45:25,858 INFO ФУНКЦИЯ GET_ALL_VIDEOS!!!
API_methods.log 2025-03-04 14:45:27,312 INFO ФУНКЦИЯ GET_UNIQUE_ALBUM_VIDEOS!!!
API_methods.log 2025-03-04 14:45:32,113 INFO ФУНКЦИЯ GET_ALL_VIDEOS!!!
API_methods.log 2025-03-04 14:45:33,787 INFO ФУНКЦИЯ GET_UNIQUE_ALBUM_VIDEOS!!!
API_methods.log 2025-03-04 14:45:56,854 INFO ФУНКЦИЯ GET_ALL_VIDEOS!!!
API_methods.log 2025-03-04 14:45:58,362 INFO ФУНКЦИЯ GET_UNIQUE_ALBUM_VIDEOS!!!
API_methods.log 2025-03-04 14:46:01,452 INFO ФУНКЦИЯ GET_ALL_VIDEOS!!!
API_methods.log 2025-03-04 14:46:02,864 INFO ФУНКЦИЯ GET_UNIQUE_ALBUM_VIDEOS!!!
API_methods.log 2025-03-04 14:46:04,313 INFO ФУНКЦИЯ GET_ALL_VIDEOS!!!
API_methods.log 2025-03-04 14:46:06,214 INFO ФУНКЦИЯ GET_UNIQUE_ALBUM_VIDEOS!!!
API_methods.log 2025-03-04 14:46:11,060 INFO ФУНКЦИЯ GET_ALL_VIDEOS!!!
API_methods.log 2025-03-04 14:46:12,501 INFO ФУНКЦИЯ GET_UNIQUE_ALBUM_VIDEOS!!!
API_methods.log 2025-03-04 14:46:13,925 INFO ФУНКЦИЯ GET_ALL_VIDEOS!!!
API_methods.log 2025-03-04 14:46:15,420 INFO ФУНКЦИЯ GET_UNIQUE_ALBUM_VIDEOS!!!
API_methods.log 2025-03-04 14:46:45,427 INFO ФУНКЦИЯ GET_GROUP_INFO!!!
API_methods.log 2025-03-04 14:46:49,044 INFO ФУНКЦИЯ GET_WALL_INFO!!!
API_methods.log 2025-03-04 14:46:52,651 INFO ФУНКЦИЯ GET_WALL_INFO!!!
API_methods.log 2025-03-04 14:46:56,137 INFO ФУНКЦИЯ GET_WALL_INFO!!!
API_methods.log 2025-03-04 14:46:59,110 INFO ФУНКЦИЯ GET_WALL_INFO!!!
API_methods.log 2025-03-04 14:47:02,135 INFO ФУНКЦИЯ GET_WALL_INFO!!!
API_methods.log 2025-03-04 14:47:04,898 INFO ФУНКЦИЯ GET_WALL_INFO!!!
API_methods.log 2025-03-04 14:47:07,672 INFO ФУНКЦИЯ GET_WALL_INFO!!!
API_methods.log 2025-03-04 14:47:09,794 INFO ФУНКЦИЯ GET_WALL_INFO!!!
API_methods.log 2025-03-04 14:47:12,129 INFO ФУНКЦИЯ GET_WALL_INFO!!!
API_methods.log 2025-03-04 14:47:14,670 INFO ФУНКЦИЯ GET_WALL_INFO!!!
API_methods.log 2025-03-04 14:47:22,526 INFO ФУНКЦИЯ GET_VIDEO_COMMENT!!!
API_methods.log 2025-03-04 14:47:23,016 INFO [False, False, False, False, False, False, False, False, False, False]
API_methods.log 2025-03-04 14:47:23,520 INFO ФУНКЦИЯ GET_VIDEO_COMMENT!!!
API_methods.log 2025-03-04 14:47:24,082 INFO [False, False, False, False, False, False, False, False, False, False]
API_methods.log 2025-03-04 14:47:24,588 INFO ФУНКЦИЯ GET_VIDEO_COMMENT!!!
API_methods.log 2025-03-04 14:47:25,061 INFO [False, False, False, False, False, False, False, False, False, False]
API_methods.log 2025-03-04 14:47:25,564 INFO ФУНКЦИЯ GET_VIDEO_COMMENT!!!
API_methods.log 2025-03-04 14:47:26,584 INFO [False, False, False, False, False, False, False, False, False, False]
API_methods.log 2025-03-04 14:47:27,089 INFO ФУНКЦИЯ GET_VIDEO_COMMENT!!!
API_methods.log 2025-03-04 14:47:27,779 INFO [False, False, False, False, False, False, False, False, False, False]
API_methods.log 2025-03-04 14:47:28,283 INFO ФУНКЦИЯ GET_VIDEO_COMMENT!!!
API_methods.log 2025-03-04 14:47:28,867 INFO [False, False, False, False, False, False, False, False, False, False]
API_methods.log 2025-03-04 14:47:29,372 INFO ФУНКЦИЯ GET_VIDEO_COMMENT!!!
API_methods.log 2025-03-04 14:47:30,134 INFO [False, False, False, False, False, False, False, False, False, False]
API_methods.log 2025-03-04 14:47:30,636 INFO ФУНКЦИЯ GET_VIDEO_COMMENT!!!
API_methods.log 2025-03-04 14:47:31,241 INFO [False, False, False, False, False, False, False, False, False, False]
API_methods.log 2025-03-04 14:47:31,747 INFO ФУНКЦИЯ GET_VIDEO_COMMENT!!!
API_methods.log 2025-03-04 14:47:32,229 INFO [False, False, False, False, False, False, False, False, False, False]
API_methods.log 2025-03-04 14:47:32,735 INFO ФУНКЦИЯ GET_VIDEO_COMMENT!!!
API_methods.log 2025-03-04 14:47:33,242 INFO [False, False, False, False, False, False, False, False, False, False]
API_methods.log 2025-03-04 14:47:33,747 INFO ФУНКЦИЯ GET_VIDEO_COMMENT!!!
API_methods.log 2025-03-04 14:47:34,309 INFO [False, False]
