K_log 2025-03-04 14:44:39,100 INFO Логгирование сборки датасета K_log...
K_log 2025-03-04 14:44:49,619 INFO Достаем информацию из сообщества: Женский форум...
K_log 2025-03-04 14:44:49,620 INFO Получаем все видео из сообщества: Женский форум...
K_log 2025-03-04 14:44:50,382 INFO Всего видео: 1
K_log 2025-03-04 14:44:51,387 INFO Получаем количество видео в альбомах из сообщества: Женский форум...
K_log 2025-03-04 14:44:52,281 INFO Уникальных видео в альбомах: 1 (100.0%)
K_log 2025-03-04 14:44:53,286 INFO Достаем информацию из сообщества: LABELCOM...
K_log 2025-03-04 14:44:53,286 INFO Получаем все видео из сообщества: LABELCOM...
K_log 2025-03-04 14:44:53,897 INFO Всего видео: 30
K_log 2025-03-04 14:44:54,902 INFO Получаем количество видео в альбомах из сообщества: LABELCOM...
K_log 2025-03-04 14:45:16,934 INFO Уникальных видео в альбомах: 30 (100.0%)
K_log 2025-03-04 14:45:17,940 INFO Достаем информацию из сообщества: Импроком...
K_log 2025-03-04 14:45:17,940 INFO Получаем все видео из сообщества: Импроком...
K_log 2025-03-04 14:45:18,418 INFO Всего видео: 10
K_log 2025-03-04 14:45:19,423 INFO Получаем количество видео в альбомах из сообщества: Импроком...
K_log 2025-03-04 14:45:24,854 INFO Уникальных видео в альбомах: 10 (100.0%)
K_log 2025-03-04 14:45:25,857 INFO Достаем информацию из сообщества: ОХ...
K_log 2025-03-04 14:45:25,857 INFO Получаем все видео из сообщества: ОХ...
K_log 2025-03-04 14:45:26,310 INFO Всего видео: 7
K_log 2025-03-04 14:45:27,311 INFO Получаем количество видео в альбомах из сообщества: ОХ...
K_log 2025-03-04 14:45:31,109 INFO Уникальных видео в альбомах: 7 (100.0%)
K_log 2025-03-04 14:45:32,112 INFO Достаем информацию из сообщества: Азамат Мусугалиев...
K_log 2025-03-04 14:45:32,113 INFO Получаем все видео из сообщества: Азамат Мусугалиев...
K_log 2025-03-04 14:45:32,781 INFO Всего видео: 32
K_log 2025-03-04 14:45:33,786 INFO Получаем количество видео в альбомах из сообщества: Азамат Мусугалиев...
K_log 2025-03-04 14:45:55,853 INFO Уникальных видео в альбомах: 32 (100.0%)
K_log 2025-03-04 14:45:56,853 INFO Достаем информацию из сообщества: ТОП...
K_log 2025-03-04 14:45:56,854 INFO Получаем все видео из сообщества: ТОП...
K_log 2025-03-04 14:45:57,358 INFO Всего видео: 3
K_log 2025-03-04 14:45:58,362 INFO Получаем количество видео в альбомах из сообщества: ТОП...
K_log 2025-03-04 14:46:00,450 INFO Уникальных видео в альбомах: 3 (100.0%)
K_log 2025-03-04 14:46:01,451 INFO Достаем информацию из сообщества: ВПИСКА...
K_log 2025-03-04 14:46:01,452 INFO Получаем все видео из сообщества: ВПИСКА...
K_log 2025-03-04 14:46:01,863 INFO Всего видео: 0
K_log 2025-03-04 14:46:02,864 INFO Получаем количество видео в альбомах из сообщества: ВПИСКА...
K_log 2025-03-04 14:46:03,309 INFO Уникальных видео в альбомах: 0 (0%)
K_log 2025-03-04 14:46:04,312 INFO Достаем информацию из сообщества: Артемий Лебедев...
K_log 2025-03-04 14:46:04,313 INFO Получаем все видео из сообщества: Артемий Лебедев...
K_log 2025-03-04 14:46:05,209 INFO Всего видео: 7
K_log 2025-03-04 14:46:06,214 INFO Получаем количество видео в альбомах из сообщества: Артемий Лебедев...
K_log 2025-03-04 14:46:10,054 INFO Уникальных видео в альбомах: 7 (100.0%)
K_log 2025-03-04 14:46:11,059 INFO Достаем информацию из сообщества: AcademeG //тру ориджинал групп//...
K_log 2025-03-04 14:46:11,060 INFO Получаем все видео из сообщества: AcademeG //тру ориджинал групп//...
K_log 2025-03-04 14:46:11,498 INFO Всего видео: 0
K_log 2025-03-04 14:46:12,500 INFO Получаем количество видео в альбомах из сообщества: AcademeG //тру ориджинал групп//...
K_log 2025-03-04 14:46:12,921 INFO Уникальных видео в альбомах: 0 (0%)
K_log 2025-03-04 14:46:13,924 INFO Достаем информацию из сообщества: ТНТ Видео...
K_log 2025-03-04 14:46:13,924 INFO Получаем все видео из сообщества: ТНТ Видео...
K_log 2025-03-04 14:46:14,417 INFO Всего видео: 12
K_log 2025-03-04 14:46:15,420 INFO Получаем количество видео в альбомах из сообщества: ТНТ Видео...
K_log 2025-03-04 14:46:22,788 INFO Уникальных видео в альбомах: 12 (100.0%)
K_log 2025-03-04 14:46:23,805 INFO Сохрнаяем итоговую таблицу в файл
K_log 2025-03-04 14:46:23,809 INFO Итоговый файл сохранён: videos.csv
K_log 2025-03-04 14:46:45,426 INFO Выгружаем доп информацию о сообещствах
K_log 2025-03-04 14:46:45,906 INFO Успешно собрали
K_log 2025-03-04 14:46:45,907 INFO Сохрнаяем итоговую таблицу в файл
K_log 2025-03-04 14:46:45,909 INFO Итоговый файл сохранён: groups.csv
K_log 2025-03-04 14:46:49,043 INFO Получение постов для сообщества: Женский форум
K_log 2025-03-04 14:46:52,146 INFO Успешно собрали
K_log 2025-03-04 14:46:52,651 INFO Получение постов для сообщества: LABELCOM
K_log 2025-03-04 14:46:55,632 INFO Успешно собрали
K_log 2025-03-04 14:46:56,136 INFO Получение постов для сообщества: Импроком
K_log 2025-03-04 14:46:58,604 INFO Успешно собрали
K_log 2025-03-04 14:46:59,109 INFO Получение постов для сообщества: ОХ
K_log 2025-03-04 14:47:01,629 INFO Успешно собрали
K_log 2025-03-04 14:47:02,134 INFO Получение постов для сообщества: Азамат Мусугалиев
K_log 2025-03-04 14:47:04,396 INFO Успешно собрали
K_log 2025-03-04 14:47:04,898 INFO Получение постов для сообщества: ТОП
K_log 2025-03-04 14:47:07,166 INFO Успешно собрали
K_log 2025-03-04 14:47:07,671 INFO Получение постов для сообщества: ВПИСКА
K_log 2025-03-04 14:47:09,290 INFO Успешно собрали
K_log 2025-03-04 14:47:09,794 INFO Получение постов для сообщества: Артемий Лебедев
K_log 2025-03-04 14:47:11,626 INFO Успешно собрали
K_log 2025-03-04 14:47:12,128 INFO Получение постов для сообщества: AcademeG //тру ориджинал групп//
K_log 2025-03-04 14:47:14,167 INFO Успешно собрали
K_log 2025-03-04 14:47:14,669 INFO Получение постов для сообщества: ТНТ Видео
K_log 2025-03-04 14:47:16,345 INFO Успешно собрали
K_log 2025-03-04 14:47:16,851 INFO Успешно собрали все посты
K_log 2025-03-04 14:47:16,863 INFO Сохрнаяем итоговую таблицу в файл
K_log 2025-03-04 14:47:16,988 INFO Итоговый файл сохранён: posts.csv
K_log 2025-03-04 14:47:34,815 WARNING Информация о постах не собралась
