logs/A_log 2025-03-05 03:10:23,776 INFO Логгирование сборки датасета A_log...
logs/A_log 2025-03-05 03:10:50,891 INFO Достаем информацию из сообщества: VK Видео...
logs/A_log 2025-03-05 03:10:50,891 INFO Получаем все видео из сообщества: VK Видео...
logs/A_log 2025-03-05 03:11:00,250 INFO Всего видео: 732
logs/A_log 2025-03-05 03:11:01,254 INFO Получаем количество видео в альбомах из сообщества: VK Видео...
logs/A_log 2025-03-05 03:11:37,139 INFO Уникальных видео в альбомах: 811 (110.79%)
logs/A_log 2025-03-05 03:11:38,144 INFO Достаем информацию из сообщества: Влад Бумага А4...
logs/A_log 2025-03-05 03:11:38,144 INFO Получаем все видео из сообщества: Влад Бумага А4...
logs/A_log 2025-03-05 03:11:49,475 INFO Всего видео: 914
logs/A_log 2025-03-05 03:11:50,480 INFO Получаем количество видео в альбомах из сообщества: Влад Бумага А4...
logs/A_log 2025-03-05 03:12:07,458 INFO Уникальных видео в альбомах: 705 (77.13%)
logs/A_log 2025-03-05 03:12:08,460 INFO Достаем информацию из сообщества: ГЛЕНТ...
logs/A_log 2025-03-05 03:12:08,460 INFO Получаем все видео из сообщества: ГЛЕНТ...
logs/A_log 2025-03-05 03:12:12,652 INFO Всего видео: 374
logs/A_log 2025-03-05 03:12:13,657 INFO Получаем количество видео в альбомах из сообщества: ГЛЕНТ...
logs/A_log 2025-03-05 03:12:23,997 INFO Уникальных видео в альбомах: 311 (83.16%)
logs/A_log 2025-03-05 03:12:25,001 INFO Достаем информацию из сообщества: ИКС...
logs/A_log 2025-03-05 03:12:25,002 INFO Получаем все видео из сообщества: ИКС...
logs/A_log 2025-03-05 03:12:26,648 INFO Всего видео: 151
logs/A_log 2025-03-05 03:12:27,653 INFO Получаем количество видео в альбомах из сообщества: ИКС...
logs/A_log 2025-03-05 03:12:36,125 INFO Уникальных видео в альбомах: 136 (90.07%)
logs/A_log 2025-03-05 03:12:37,130 INFO Достаем информацию из сообщества: Вильям Бруно...
logs/A_log 2025-03-05 03:12:37,131 INFO Получаем все видео из сообщества: Вильям Бруно...
logs/A_log 2025-03-05 03:12:38,620 INFO Всего видео: 124
logs/A_log 2025-03-05 03:12:39,625 INFO Получаем количество видео в альбомах из сообщества: Вильям Бруно...
logs/A_log 2025-03-05 03:12:40,368 INFO Уникальных видео в альбомах: 7 (5.65%)
logs/A_log 2025-03-05 03:12:41,371 INFO Достаем информацию из сообщества: GEO...
logs/A_log 2025-03-05 03:12:41,372 INFO Получаем все видео из сообщества: GEO...
logs/A_log 2025-03-05 03:12:43,170 INFO Всего видео: 151
logs/A_log 2025-03-05 03:12:44,175 INFO Получаем количество видео в альбомах из сообщества: GEO...
logs/A_log 2025-03-05 03:12:57,022 INFO Уникальных видео в альбомах: 135 (89.4%)
logs/A_log 2025-03-05 03:12:58,024 INFO Достаем информацию из сообщества: ШАСТУН...
logs/A_log 2025-03-05 03:12:58,025 INFO Получаем все видео из сообщества: ШАСТУН...
logs/A_log 2025-03-05 03:13:03,259 INFO Всего видео: 426
logs/A_log 2025-03-05 03:13:04,264 INFO Получаем количество видео в альбомах из сообщества: ШАСТУН...
logs/A_log 2025-03-05 03:13:08,537 INFO Уникальных видео в альбомах: 228 (53.52%)
logs/A_log 2025-03-05 03:13:09,541 INFO Достаем информацию из сообщества: Hardcore Fighting Championship...
logs/A_log 2025-03-05 03:13:09,541 INFO Получаем все видео из сообщества: Hardcore Fighting Championship...
logs/A_log 2025-03-05 03:13:11,117 INFO Всего видео: 128
logs/A_log 2025-03-05 03:13:12,120 INFO Получаем количество видео в альбомах из сообщества: Hardcore Fighting Championship...
logs/A_log 2025-03-05 03:13:14,766 INFO Уникальных видео в альбомах: 17 (13.28%)
logs/A_log 2025-03-05 03:13:15,767 INFO Достаем информацию из сообщества: Асафьев Стас...
logs/A_log 2025-03-05 03:13:15,767 INFO Получаем все видео из сообщества: Асафьев Стас...
logs/A_log 2025-03-05 03:13:28,031 INFO Всего видео: 965
logs/A_log 2025-03-05 03:13:29,035 INFO Получаем количество видео в альбомах из сообщества: Асафьев Стас...
logs/A_log 2025-03-05 03:13:43,224 INFO Уникальных видео в альбомах: 933 (96.68%)
logs/A_log 2025-03-05 03:13:44,230 INFO Достаем информацию из сообщества: Варвара Щербакова по вашим интересам!...
logs/A_log 2025-03-05 03:13:44,231 INFO Получаем все видео из сообщества: Варвара Щербакова по вашим интересам!...
logs/A_log 2025-03-05 03:13:44,527 INFO Всего видео: 20
logs/A_log 2025-03-05 03:13:45,528 INFO Получаем количество видео в альбомах из сообщества: Варвара Щербакова по вашим интересам!...
logs/A_log 2025-03-05 03:13:48,200 INFO Уникальных видео в альбомах: 100 (500.0%)
logs/A_log 2025-03-05 03:13:49,204 INFO Достаем информацию из сообщества: Парковка...
logs/A_log 2025-03-05 03:13:49,205 INFO Получаем все видео из сообщества: Парковка...
logs/A_log 2025-03-05 03:13:50,529 INFO Всего видео: 101
logs/A_log 2025-03-05 03:13:51,534 INFO Получаем количество видео в альбомах из сообщества: Парковка...
logs/A_log 2025-03-05 03:13:57,511 INFO Уникальных видео в альбомах: 99 (98.02%)
logs/A_log 2025-03-05 03:13:58,515 INFO Достаем информацию из сообщества: Арай Чобанян...
logs/A_log 2025-03-05 03:13:58,516 INFO Получаем все видео из сообщества: Арай Чобанян...
logs/A_log 2025-03-05 03:13:58,658 INFO Всего видео: 5
logs/A_log 2025-03-05 03:13:59,658 INFO Получаем количество видео в альбомах из сообщества: Арай Чобанян...
logs/A_log 2025-03-05 03:13:59,751 INFO Уникальных видео в альбомах: 0 (0.0%)
logs/A_log 2025-03-05 03:14:00,753 INFO Достаем информацию из сообщества: Комьюнити...
logs/A_log 2025-03-05 03:14:00,753 INFO Получаем все видео из сообщества: Комьюнити...
logs/A_log 2025-03-05 03:14:02,520 INFO Всего видео: 163
logs/A_log 2025-03-05 03:14:03,525 INFO Получаем количество видео в альбомах из сообщества: Комьюнити...
logs/A_log 2025-03-05 03:14:09,611 INFO Уникальных видео в альбомах: 152 (93.25%)
logs/A_log 2025-03-05 03:14:10,617 INFO Достаем информацию из сообщества: Стрелец-Молодец...
logs/A_log 2025-03-05 03:14:10,617 INFO Получаем все видео из сообщества: Стрелец-Молодец...
logs/A_log 2025-03-05 03:14:11,587 INFO Всего видео: 87
logs/A_log 2025-03-05 03:14:12,587 INFO Получаем количество видео в альбомах из сообщества: Стрелец-Молодец...
logs/A_log 2025-03-05 03:14:13,921 INFO Уникальных видео в альбомах: 56 (64.37%)
logs/A_log 2025-03-05 03:14:14,926 INFO Достаем информацию из сообщества: GAZ...
logs/A_log 2025-03-05 03:14:14,927 INFO Получаем все видео из сообщества: GAZ...
logs/A_log 2025-03-05 03:14:58,571 INFO Всего видео: 3493
logs/A_log 2025-03-05 03:14:59,578 INFO Получаем количество видео в альбомах из сообщества: GAZ...
logs/A_log 2025-03-05 03:15:47,821 INFO Уникальных видео в альбомах: 1200 (34.35%)
logs/A_log 2025-03-05 03:15:48,829 INFO Достаем информацию из сообщества: Medium Quality Channel...
logs/A_log 2025-03-05 03:15:48,829 INFO Получаем все видео из сообщества: Medium Quality Channel...
logs/A_log 2025-03-05 03:15:50,468 INFO Всего видео: 176
logs/A_log 2025-03-05 03:15:51,473 INFO Получаем количество видео в альбомах из сообщества: Medium Quality Channel...
logs/A_log 2025-03-05 03:15:54,411 INFO Уникальных видео в альбомах: 41 (23.3%)
logs/A_log 2025-03-05 03:17:57,734 INFO Сохрнаяем итоговую таблицу в файл
logs/A_log 2025-03-05 03:17:57,875 INFO Итоговый файл сохранён: csv_files/videos_1.csv
logs/A_log 2025-03-05 03:18:01,146 INFO Выгружаем доп информацию о сообещствах
logs/A_log 2025-03-05 03:18:01,309 INFO Успешно собрали
logs/A_log 2025-03-05 03:18:01,310 INFO Сохрнаяем итоговую таблицу в файл
logs/A_log 2025-03-05 03:18:01,313 INFO Итоговый файл сохранён: csv_files/groups_1.csv
logs/A_log 2025-03-05 03:18:05,562 INFO Получение постов для сообщества: VK Видео
logs/A_log 2025-03-05 03:18:06,997 INFO Успешно собрали
logs/A_log 2025-03-05 03:18:07,502 INFO Получение постов для сообщества: Влад Бумага А4
logs/A_log 2025-03-05 03:18:08,520 INFO Успешно собрали
logs/A_log 2025-03-05 03:18:09,021 INFO Получение постов для сообщества: ГЛЕНТ
logs/A_log 2025-03-05 03:18:10,251 INFO Успешно собрали
logs/A_log 2025-03-05 03:18:10,756 INFO Получение постов для сообщества: ИКС
logs/A_log 2025-03-05 03:18:12,198 INFO Успешно собрали
logs/A_log 2025-03-05 03:18:12,702 INFO Получение постов для сообщества: Вильям Бруно
logs/A_log 2025-03-05 03:18:13,782 INFO Успешно собрали
logs/A_log 2025-03-05 03:18:14,286 INFO Получение постов для сообщества: GEO
logs/A_log 2025-03-05 03:18:15,268 INFO Успешно собрали
logs/A_log 2025-03-05 03:18:15,774 INFO Получение постов для сообщества: ШАСТУН
logs/A_log 2025-03-05 03:18:17,303 INFO Успешно собрали
logs/A_log 2025-03-05 03:18:17,808 INFO Получение постов для сообщества: Hardcore Fighting Championship
logs/A_log 2025-03-05 03:18:19,464 INFO Успешно собрали
logs/A_log 2025-03-05 03:18:19,969 INFO Получение постов для сообщества: Асафьев Стас
logs/A_log 2025-03-05 03:18:21,234 INFO Успешно собрали
logs/A_log 2025-03-05 03:18:21,737 INFO Получение постов для сообщества: Варвара Щербакова по вашим интересам!
logs/A_log 2025-03-05 03:18:23,178 INFO Успешно собрали
logs/A_log 2025-03-05 03:18:23,682 INFO Получение постов для сообщества: Парковка
logs/A_log 2025-03-05 03:18:25,117 INFO Успешно собрали
logs/A_log 2025-03-05 03:18:25,622 INFO Получение постов для сообщества: Арай Чобанян
logs/A_log 2025-03-05 03:18:27,129 INFO Успешно собрали
logs/A_log 2025-03-05 03:18:27,634 INFO Получение постов для сообщества: Комьюнити
logs/A_log 2025-03-05 03:18:29,099 INFO Успешно собрали
logs/A_log 2025-03-05 03:18:29,605 INFO Получение постов для сообщества: Стрелец-Молодец
logs/A_log 2025-03-05 03:18:31,004 INFO Успешно собрали
logs/A_log 2025-03-05 03:18:31,509 INFO Получение постов для сообщества: GAZ
logs/A_log 2025-03-05 03:18:32,880 INFO Успешно собрали
logs/A_log 2025-03-05 03:18:33,384 INFO Получение постов для сообщества: Medium Quality Channel
logs/A_log 2025-03-05 03:18:35,271 INFO Успешно собрали
logs/A_log 2025-03-05 03:18:35,777 INFO Успешно собрали все посты
logs/A_log 2025-03-05 03:18:35,790 INFO Сохрнаяем итоговую таблицу в файл
logs/A_log 2025-03-05 03:18:35,987 INFO Итоговый файл сохранён: csv_files/posts_1.csv
