../logs/K_log 2025-03-05 14:46:06,106 INFO Логгирование сборки датасета K_log...
../logs/K_log 2025-03-05 14:46:12,359 INFO Достаем информацию из сообщества: Женский форум...
../logs/K_log 2025-03-05 14:46:12,360 INFO Получаем все видео из сообщества: Женский форум...
../logs/K_log 2025-03-05 14:46:13,157 INFO Всего видео: 79
../logs/K_log 2025-03-05 14:46:14,160 INFO Получаем количество видео в альбомах из сообщества: Женский форум...
../logs/K_log 2025-03-05 14:46:15,492 INFO Уникальных видео в альбомах: 76 (96.2%)
../logs/K_log 2025-03-05 14:46:16,497 INFO Достаем информацию из сообщества: LABELCOM...
../logs/K_log 2025-03-05 14:46:16,498 INFO Получаем все видео из сообщества: LABELCOM...
../logs/K_log 2025-03-05 14:46:21,177 INFO Всего видео: 350
../logs/K_log 2025-03-05 14:46:22,178 INFO Получаем количество видео в альбомах из сообщества: LABELCOM...
../logs/K_log 2025-03-05 14:46:44,952 INFO Уникальных видео в альбомах: 339 (96.86%)
../logs/K_log 2025-03-05 14:46:45,960 INFO Достаем информацию из сообщества: Импроком...
../logs/K_log 2025-03-05 14:46:45,960 INFO Получаем все видео из сообщества: Импроком...
../logs/K_log 2025-03-05 14:46:53,731 INFO Всего видео: 587
../logs/K_log 2025-03-05 14:46:54,733 INFO Получаем количество видео в альбомах из сообщества: Импроком...
../logs/K_log 2025-03-05 14:47:03,526 INFO Уникальных видео в альбомах: 257 (43.78%)
../logs/K_log 2025-03-05 14:47:04,529 INFO Достаем информацию из сообщества: ОХ...
../logs/K_log 2025-03-05 14:47:04,529 INFO Получаем все видео из сообщества: ОХ...
../logs/K_log 2025-03-05 14:47:06,249 INFO Всего видео: 118
../logs/K_log 2025-03-05 14:47:07,253 INFO Получаем количество видео в альбомах из сообщества: ОХ...
../logs/K_log 2025-03-05 14:47:13,023 INFO Уникальных видео в альбомах: 111 (94.07%)
../logs/K_log 2025-03-05 14:47:14,026 INFO Достаем информацию из сообщества: Азамат Мусугалиев...
../logs/K_log 2025-03-05 14:47:14,026 INFO Получаем все видео из сообщества: Азамат Мусугалиев...
../logs/K_log 2025-03-05 14:47:38,552 INFO Всего видео: 1552
../logs/K_log 2025-03-05 14:47:39,558 INFO Получаем количество видео в альбомах из сообщества: Азамат Мусугалиев...
../logs/K_log 2025-03-05 14:48:16,669 INFO Уникальных видео в альбомах: 1731 (111.53%)
../logs/K_log 2025-03-05 14:48:17,674 INFO Достаем информацию из сообщества: ТОП...
../logs/K_log 2025-03-05 14:48:17,674 INFO Получаем все видео из сообщества: ТОП...
../logs/K_log 2025-03-05 14:48:20,490 INFO Всего видео: 161
../logs/K_log 2025-03-05 14:48:21,491 INFO Получаем количество видео в альбомах из сообщества: ТОП...
../logs/K_log 2025-03-05 14:48:24,751 INFO Уникальных видео в альбомах: 101 (62.73%)
../logs/K_log 2025-03-05 14:48:25,752 INFO Достаем информацию из сообщества: ВПИСКА...
../logs/K_log 2025-03-05 14:48:25,753 INFO Получаем все видео из сообщества: ВПИСКА...
../logs/K_log 2025-03-05 14:48:29,216 INFO Всего видео: 246
../logs/K_log 2025-03-05 14:48:30,219 INFO Получаем количество видео в альбомах из сообщества: ВПИСКА...
../logs/K_log 2025-03-05 14:48:30,324 INFO Уникальных видео в альбомах: 0 (0.0%)
../logs/K_log 2025-03-05 14:48:31,325 INFO Достаем информацию из сообщества: Артемий Лебедев...
../logs/K_log 2025-03-05 14:48:31,326 INFO Получаем все видео из сообщества: Артемий Лебедев...
../logs/K_log 2025-03-05 14:48:43,484 INFO Всего видео: 734
../logs/K_log 2025-03-05 14:48:44,487 INFO Получаем количество видео в альбомах из сообщества: Артемий Лебедев...
../logs/K_log 2025-03-05 14:48:57,368 INFO Уникальных видео в альбомах: 724 (98.64%)
../logs/K_log 2025-03-05 14:48:58,375 INFO Достаем информацию из сообщества: AcademeG //тру ориджинал групп//...
../logs/K_log 2025-03-05 14:48:58,376 INFO Получаем все видео из сообщества: AcademeG //тру ориджинал групп//...
../logs/K_log 2025-03-05 14:48:59,950 INFO Всего видео: 110
../logs/K_log 2025-03-05 14:49:00,954 INFO Получаем количество видео в альбомах из сообщества: AcademeG //тру ориджинал групп//...
../logs/K_log 2025-03-05 14:49:01,057 INFO Уникальных видео в альбомах: 0 (0.0%)
../logs/K_log 2025-03-05 14:49:02,058 INFO Достаем информацию из сообщества: ТНТ Видео...
../logs/K_log 2025-03-05 14:49:02,058 INFO Получаем все видео из сообщества: ТНТ Видео...
../logs/K_log 2025-03-05 14:49:15,940 INFO Всего видео: 923
../logs/K_log 2025-03-05 14:49:16,945 INFO Получаем количество видео в альбомах из сообщества: ТНТ Видео...
../logs/K_log 2025-03-05 14:49:28,192 INFO Уникальных видео в альбомах: 400 (43.34%)
../logs/K_log 2025-03-05 14:50:27,424 INFO Сохрнаяем итоговую таблицу в файл
../logs/K_log 2025-03-05 14:50:27,518 INFO Итоговый файл сохранён: ../csv_files/videos.csv
../logs/K_log 2025-03-05 14:50:30,731 INFO Выгружаем доп информацию о сообещствах
../logs/K_log 2025-03-05 14:50:30,878 INFO Успешно собрали
../logs/K_log 2025-03-05 14:50:30,880 INFO Сохрнаяем итоговую таблицу в файл
../logs/K_log 2025-03-05 14:50:30,883 INFO Итоговый файл сохранён: ../csv_files/groups.csv
../logs/K_log 2025-03-05 14:50:34,499 INFO Получение постов для сообщества: Женский форум
../logs/K_log 2025-03-05 14:50:36,046 INFO Успешно собрали
../logs/K_log 2025-03-05 14:50:36,552 INFO Получение постов для сообщества: LABELCOM
../logs/K_log 2025-03-05 14:50:38,163 INFO Успешно собрали
../logs/K_log 2025-03-05 14:50:38,668 INFO Получение постов для сообщества: Импроком
../logs/K_log 2025-03-05 14:50:40,382 INFO Успешно собрали
../logs/K_log 2025-03-05 14:50:40,887 INFO Получение постов для сообщества: ОХ
../logs/K_log 2025-03-05 14:50:42,594 INFO Успешно собрали
../logs/K_log 2025-03-05 14:50:43,100 INFO Получение постов для сообщества: Азамат Мусугалиев
../logs/K_log 2025-03-05 14:50:45,145 INFO Успешно собрали
../logs/K_log 2025-03-05 14:50:45,650 INFO Получение постов для сообщества: ТОП
../logs/K_log 2025-03-05 14:50:47,538 INFO Успешно собрали
../logs/K_log 2025-03-05 14:50:48,039 INFO Получение постов для сообщества: ВПИСКА
../logs/K_log 2025-03-05 14:50:49,752 INFO Успешно собрали
../logs/K_log 2025-03-05 14:50:50,252 INFO Получение постов для сообщества: Артемий Лебедев
../logs/K_log 2025-03-05 14:50:51,588 INFO Успешно собрали
../logs/K_log 2025-03-05 14:50:52,093 INFO Получение постов для сообщества: AcademeG //тру ориджинал групп//
../logs/K_log 2025-03-05 14:50:54,119 INFO Успешно собрали
../logs/K_log 2025-03-05 14:50:54,624 INFO Получение постов для сообщества: ТНТ Видео
../logs/K_log 2025-03-05 14:50:55,995 INFO Успешно собрали
../logs/K_log 2025-03-05 14:50:56,499 INFO Успешно собрали все посты
../logs/K_log 2025-03-05 14:50:56,504 INFO Сохрнаяем итоговую таблицу в файл
../logs/K_log 2025-03-05 14:50:56,618 INFO Итоговый файл сохранён: ../csv_files/posts.csv
